ASxxxx Linker V03.00 + NoICE + sdld,  page 1.
Hexadecimal  [32-Bits]

Area                                    Addr        Size        Decimal Bytes (Attributes)
--------------------------------        ----        ----        ------- ----- ------------
.  .ABS.                            00000000    00000000 =           0. bytes (ABS,CON)

      Value  Global                              Global Defined In Module
      -----  --------------------------------   ------------------------
     00000000  .__.ABS.                           cpct_strings
     00000000  l__CABS                         
     00000000  l__DABS                         
     00000000  l__DATA                         
     00000000  l__GSFINAL                      
     00000000  l__GSINIT                       
     00000000  l__HOME                         
     00000000  l__INITIALIZED                  
     00000000  l__INITIALIZER                  
     00000000  l___Newexplo                    
     00000000  s__CABS                         
     00000000  s__DABS                         
     00000000  s___Newexplo                    
     00000000  s___Newexplo0                   
     000000C1  l___Newexplo0                   
     0000214E  l__CODE                         
     00004000  s__CODE                         
     0000614E  s__DATA                         
     0000614E  s__GSFINAL                      
     0000614E  s__GSINIT                       
     0000614E  s__HOME                         
     0000614E  s__INITIALIZED                  
     0000614E  s__INITIALIZER                  

ASxxxx Linker V03.00 + NoICE + sdld,  page 2.
Hexadecimal  [32-Bits]

Area                                    Addr        Size        Decimal Bytes (Attributes)
--------------------------------        ----        ----        ------- ----- ------------
_CODE                               00004000    0000214E =        8526. bytes (REL,CON)

      Value  Global                              Global Defined In Module
      -----  --------------------------------   ------------------------
     00004000  _fondo                             fondoKamikaze
     000047D0  _playerexplo5                      naveexplo5
     000047EE  _playerexplo4                      naveexplo4
     0000480C  _playerexplo3                      naveexplo3
     0000482A  _playerexplo2                      naveexplo2
     00004848  _playerexplo1                      naveexplo1
     00004866  _tileset                           escenario16x8
     00004876  _esce_0                            escenario16x8
     0000487E  _esce_1                            escenario16x8
     00004886  _esce_2                            escenario16x8
     0000488E  _esce_3                            escenario16x8
     00004896  _esce_4                            escenario16x8
     0000489E  _esce_5                            escenario16x8
     000048A6  _esce_6                            escenario16x8
     000048AE  _esce_7                            escenario16x8
     000048B6  _explo5                            exploEnemyV1_5
     000048CE  _explo4                            exploEnemyV1_4
     000048E6  _explo3                            exploEnemyV1_3
     000048FE  _explo2                            exploEnemyV1_2
     00004916  _explo1                            exploEnemyV1_1
     0000492E  _enemigo                           enemigo
     00004946  _laser                             laser
     0000494A  _palette                           nave
     0000495A  _spr                               nave
     00004978  _g_palette                         g_palette
     00004988  Player                             Player
     0000498F  TeclaDe                            Player
     00004991  TeclaIz                            Player
     00004993  TeclaDi                            Player
     00004996  update_player                      Player
     000049BF  teclaSpc                           Player
     000049DD  draw_player                        Player
     000049FE  erase_player                       Player
     00004A14  posXplayerPtr                      Player
     00004A18  disparando                         Player
     00004A2B  destruyeEnemigo                    destroyEnemy
     00004A34  colision_enemy                     enemy_colision
     00004A87  destruyePlayer                     
     00004B18  situaEnemigos                      
     00004B2D  reloj                              
     00004B4C  suma                               
     00004BF3  gameover                           
     00004BFD  new                                
     00004C01  escore                             
     00004C07  lives                              
     00004C0D  writeMenu1                         
     00004C16  writeMenu2                         
     00004C23  writeMenu3                         
     00004C30  izqui                              
     00004C3A  dere                               
ASxxxx Linker V03.00 + NoICE + sdld,  page 3.
Hexadecimal  [32-Bits]

Area                                    Addr        Size        Decimal Bytes (Attributes)
--------------------------------        ----        ----        ------- ----- ------------
_CODE                               00004000    0000214E =        8526. bytes (REL,CON)

      Value  Global                              Global Defined In Module
      -----  --------------------------------   ------------------------
     00004C43  fue                                
     00004C4C  puntos                             
     00004C52  nivel1                             
     00004C69  _main                              main
     00004D83  nodisparar                         main
     00004DCE  draw_laser                         
     00004DE7  erase_laser                        
     00004DFF  update_laser                       
     00004E1E  posXlaserPtr                       
     00004E22  posYlaserPtr                       
     00004E26  enemy                              enemy
     00004E3A  enemy2                             enemy
     00004E4E  enemy3                             enemy
     00004E62  enemy4                             enemy
     00004E76  enemy5                             enemy
     00004E8A  num_enemigos                       enemy
     00004E8B  oleada                             enemy
     00004E8C  finOleada                          enemy
     00004E8D  calXenemy                          enemy
     00004EA4  draw_enemy                         enemy
     00004F24  erase_enemy                        enemy
     00004F59  update_enemy                       enemy
     00004FD2  posXenemyPtr                       enemy
     00004FD7  posYenemyPtr                       enemy
     00004FE8  laser_colision                     
     0000505F  menu                               cpct_keyboard
     00005544  _cpct_setInterruptHandler          cpct_firmware
     00005544  cpct_setInterruptHandler_asm       cpct_firmware
     00005555  cpct_safeInterruptHandlerHook      cpct_firmware
     0000556C  cpct_setPalette_asm                cpct_video
     0000557F  _cpct_isKeyPressed                 cpct_keyboard
     0000557F  cpct_isKeyPressed_asm              cpct_keyboard
     0000558B  cpct_setPALColour_asm              cpct_video
     00005595  _cpct_akp_digidrumStatus           cpct_audio
     00005596  _cpct_akp_songLoopTimes            cpct_audio
     00005597  _cpct_akp_musicPlay                cpct_audio
     00005597  cpct_akp_musicPlay_asm             cpct_audio
     00005C9A  _cpct_akp_musicInit                cpct_audio
     00005CA1  cpct_akp_musicInit_asm             cpct_audio
     00005CFA  _cpct_akp_stop                     cpct_audio
     00005CFA  cpct_akp_stop_asm                  cpct_audio
     00005D0D  _cpct_akp_SFXGetInstrument         cpct_audio
     00005D12  cpct_akp_SFXGetInstrument_asm      cpct_audio
     00005D26  _cpct_akp_SFXInit                  cpct_audio
     00005D2D  cpct_akp_SFXInit_asm               cpct_audio
     00005D34  _cpct_akp_SFXStopAll               cpct_audio
     00005D34  cpct_akp_SFXStopAll_asm            cpct_audio
     00005D41  _cpct_akp_SFXPlay                  cpct_audio
     00005D53  cpct_akp_SFXPlay_asm               cpct_audio
     00005DA0  _cpct_akp_SFXStop                  cpct_audio
     00005DA5  cpct_akp_SFXStop_asm               cpct_audio
ASxxxx Linker V03.00 + NoICE + sdld,  page 4.
Hexadecimal  [32-Bits]

Area                                    Addr        Size        Decimal Bytes (Attributes)
--------------------------------        ----        ----        ------- ----- ------------
_CODE                               00004000    0000214E =        8526. bytes (REL,CON)

      Value  Global                              Global Defined In Module
      -----  --------------------------------   ------------------------
     00005DBE  cpct_drawStringM0_asm              cpct_strings
     00005DE4  cpct_drawCharM0_inner_asm          cpct_strings
     00005E44  dc_2pxtableM0                      cpct_strings
     00005E48  cpct_drawSprite_asm                cpct_sprites
     00005EE8  cpct_etm_drawTileBox2x4_asm        cpct_easytilemaps
     00005F74  _cpct_etm_setTileset2x4            cpct_easytilemaps
     00005F74  cpct_etm_setTileset2x4_asm         cpct_easytilemaps
     00005F78  cpct_drawCharM0_asm                cpct_strings
     00005F8F  _cpct_keyboardStatusBuffer         cpct_keyboard
     00005F99  _cpct_etm_drawTileRow2x4           cpct_easytilemaps
     00005FA0  cpct_etm_drawTileRow2x4_asm        cpct_easytilemaps
     00005FA2  dtr_restore_ptileset               cpct_easytilemaps
     00005FBA  _cpct_isAnyKeyPressed              cpct_keyboard
     00005FBA  cpct_isAnyKeyPressed_asm           cpct_keyboard
     00005FC7  cpct_setVideoMode_asm              cpct_video
     00005FD4  _cpct_waitVSYNC                    cpct_video
     00005FD4  cpct_waitVSYNC_asm                 cpct_video
     00005FDC  _cpct_getRandom_xsp40_u8           cpct_random
     00005FDC  cpct_getRandom_xsp40_u8_asm        cpct_random
     00005FE1  _cpct_seed1_xsp40_u8               cpct_random
     00005FE4  _cpct_seed2_xsp40_u8               cpct_random
     00005FFE  _cpct_seed3_xsp40_u8               cpct_random
     00006001  _cpct_disableFirmware              cpct_firmware
     00006001  _cpct_removeInterruptHandler       cpct_firmware
     00006001  cpct_disableFirmware_asm           cpct_firmware
     00006001  cpct_removeInterruptHandler_asm    cpct_firmware
     00006011  cpct_drawSolidBox_asm              cpct_sprites
     000060B4  cpct_drawTileAligned2x4_f_asm      cpct_sprites
     000060D5  _cpct_mode_rom_status              cpct_firmware
     000060D6  cpct_setDrawCharM0_asm             cpct_strings
     000060F9  cpct_getScreenPtr_asm              cpct_video
     0000610D  _cpct_scanKeyboard                 cpct_keyboard
     0000610D  cpct_scanKeyboard_asm              cpct_keyboard
     0000613E  dc_mode0_ct                        cpct_strings
ASxxxx Linker V03.00 + NoICE + sdld,  page 5.
Hexadecimal  [32-Bits]

Area                                    Addr        Size        Decimal Bytes (Attributes)
--------------------------------        ----        ----        ------- ----- ------------
__Newexplo0                         00000000    000000C1 =         193. bytes (ABS,CON)

      Value  Global                              Global Defined In Module
      -----  --------------------------------   ------------------------
     00000040  _Newexplo                          

ASxxxx Linker V03.00 + NoICE + sdld,  page 6.

Files Linked                              [ module(s) ]

obj/Fondo/fondoKamikaze.rel               [ fondoKamikaze ]
obj/Assets/naveexplo5.rel                 [ naveexplo5 ]
obj/Assets/naveexplo4.rel                 [ naveexplo4 ]
obj/Assets/naveexplo3.rel                 [ naveexplo3 ]
obj/Assets/naveexplo2.rel                 [ naveexplo2 ]
obj/Assets/naveexplo1.rel                 [ naveexplo1 ]
obj/Assets/escenario16x8.rel              [ escenario16x8 ]
obj/Assets/exploEnemyV1_5.rel             [ exploEnemyV1_5 ]
obj/Assets/exploEnemyV1_4.rel             [ exploEnemyV1_4 ]
obj/Assets/exploEnemyV1_3.rel             [ exploEnemyV1_3 ]
obj/Assets/exploEnemyV1_2.rel             [ exploEnemyV1_2 ]
obj/Assets/exploEnemyV1_1.rel             [ exploEnemyV1_1 ]
obj/Assets/enemigo.rel                    [ enemigo ]
obj/Assets/laser.rel                      [ laser ]
obj/Assets/nave.rel                       [ nave ]
obj/Assets/g_palette.rel                  [ g_palette ]
obj/marcador.h.rel                        [  ]
obj/Player.rel                            [ Player ]
obj/cpctelera.h.rel                       [  ]
obj/destroyEnemy.rel                      [ destroyEnemy ]
obj/enemy_colision.rel                    [ enemy_colision ]
obj/destruyePlayer.rel                    [  ]
obj/control.rel                           [  ]
obj/Player.h.rel                          [  ]
obj/destroyEnemy.h.rel                    [  ]
obj/destruyePlayer.h.rel                  [  ]
obj/marcador.rel                          [  ]
obj/menu.h.rel                            [  ]
obj/mensajes.rel                          [  ]
obj/main.rel                              [ main ]
obj/laserColision.h.rel                   [  ]
obj/enemy.h.rel                           [  ]
obj/laser.h.rel                           [  ]
obj/mensajes.h.rel                        [  ]
obj/datos.h.rel                           [  ]
obj/main.h.rel                            [  ]
obj/laser.rel                             [  ]
obj/enemy.rel                             [ enemy ]
obj/enemy_colision.h.rel                  [  ]
obj/control.h.rel                         [  ]
obj/laserColision.rel                     [  ]
obj/menu.rel                              [ cpct_keyboard ]
obj/Fx/NuevosSonidos.rel                  [  ]


Libraries Linked                          [ object file ]

/home/victor/cpctelera/cpctelera/cpctelera.lib
                                          [ cpct_setInterruptHandler.rel ]
/home/victor/cpctelera/cpctelera/cpctelera.lib
                                          [ cpct_setPalette_asmbindings.rel ]
/home/victor/cpctelera/cpctelera/cpctelera.lib
                                          [ cpct_isKeyPressed.rel ]
/home/victor/cpctelera/cpctelera/cpctelera.lib
                                          [ cpct_setPALColour_asmbindings.re ]
/home/victor/cpctelera/cpctelera/cpctelera.lib
                                          [ arkostracker.rel ]
/home/victor/cpctelera/cpctelera/cpctelera.lib
                                          [ cpct_drawStringM0_asmbindings.re ]
/home/victor/cpctelera/cpctelera/cpctelera.lib
                                          [ cpct_drawCharM0_inner.rel ]
/home/victor/cpctelera/cpctelera/cpctelera.lib
                                          [ cpct_drawSprite_asmbindings.rel ]
/home/victor/cpctelera/cpctelera/cpctelera.lib
                                          [ cpct_etm_drawTileBox2x4_asmbindi ]
/home/victor/cpctelera/cpctelera/cpctelera.lib
                                          [ cpct_etm_setTileset2x4.rel ]
/home/victor/cpctelera/cpctelera/cpctelera.lib
                                          [ cpct_drawCharM0_asmbindings.rel ]
/home/victor/cpctelera/cpctelera/cpctelera.lib
                                          [ keyboard.rel ]
/home/victor/cpctelera/cpctelera/cpctelera.lib
                                          [ cpct_etm_drawTileRow2x4.rel ]
/home/victor/cpctelera/cpctelera/cpctelera.lib
                                          [ cpct_isAnyKeyPressed.rel ]
/home/victor/cpctelera/cpctelera/cpctelera.lib
                                          [ cpct_setVideoMode_asmbindings.re ]
/home/victor/cpctelera/cpctelera/cpctelera.lib
                                          [ cpct_waitVSYNC.rel ]
/home/victor/cpctelera/cpctelera/cpctelera.lib
                                          [ cpct_getRandom_xsp40_u8.rel ]
/home/victor/cpctelera/cpctelera/cpctelera.lib
                                          [ cpct_removeInterruptHandler.rel ]
/home/victor/cpctelera/cpctelera/cpctelera.lib
                                          [ cpct_drawSolidBox_asmbindings.re ]
/home/victor/cpctelera/cpctelera/cpctelera.lib
                                          [ cpct_drawTileAligned2x4_f_asmbin ]
/home/victor/cpctelera/cpctelera/cpctelera.lib
                                          [ cpc_mode_rom_status.rel ]
/home/victor/cpctelera/cpctelera/cpctelera.lib
                                          [ cpct_setDrawCharM0_asmbindings.r ]
/home/victor/cpctelera/cpctelera/cpctelera.lib
                                          [ cpct_getScreenPtr_asmbindings.re ]
/home/victor/cpctelera/cpctelera/cpctelera.lib
                                          [ cpct_scanKeyboard.rel ]
/home/victor/cpctelera/cpctelera/cpctelera.lib
                                          [ cpct_dc_mode0_ct.rel ]

ASxxxx Linker V03.00 + NoICE + sdld,  page 7.

User Base Address Definitions

_CODE = 0x4000
_DATA = 0x0000

